[templates.envytheme.com/finix/default/index-2.html]
[templates.envytheme.com/finix/default/assets/css/bootstrap.min.css]
[templates.envytheme.com/finix/default/assets/css/animate.min.css]
[templates.envytheme.com/finix/default/assets/css/meanmenu.css]
[templates.envytheme.com/finix/default/assets/css/boxicons.min.css]
[templates.envytheme.com/finix/default/assets/css/flaticon.css]
[templates.envytheme.com/finix/default/assets/css/owl.carousel.min.css]
[templates.envytheme.com/finix/default/assets/css/owl.theme.default.min.css]
[templates.envytheme.com/finix/default/assets/css/magnific-popup.min.css]
[templates.envytheme.com/finix/default/assets/css/nice-select.min.css]
[templates.envytheme.com/finix/default/assets/css/odometer.min.css]
[templates.envytheme.com/finix/default/assets/css/style.css]
[templates.envytheme.com/finix/default/assets/css/dark.css]
[backblue.gif]
[fade.gif]
[index.html]
[templates.envytheme.com/finix/default/assets/css/responsive.css]
[templates.envytheme.com/finix/default/assets/img/favicon.png]
[templates.envytheme.com/finix/default/assets/img/logo.png]
[templates.envytheme.com/finix/default/assets/img/logo2.png]
[index.html]
[templates.envytheme.com/finix/default/index-3.html]
[templates.envytheme.com/finix/default/about.html]
[templates.envytheme.com/finix/default/team.html]
[templates.envytheme.com/finix/default/faq.html]
[templates.envytheme.com/finix/default/gallery.html]
[templates.envytheme.com/finix/default/loan-calculator.html]
[templates.envytheme.com/finix/default/apply-now.html]
[templates.envytheme.com/finix/default/testimonials.html]
[templates.envytheme.com/finix/default/projects.html]
[templates.envytheme.com/finix/default/project-details.html]
[templates.envytheme.com/finix/default/sign-in.html]
[templates.envytheme.com/finix/default/sign-up.html]
[templates.envytheme.com/finix/default/terms-condition.html]
[templates.envytheme.com/finix/default/privacy-policy.html]
[templates.envytheme.com/finix/default/error-404.html]
[templates.envytheme.com/finix/default/contact.html]
[templates.envytheme.com/finix/default/services.html]
[templates.envytheme.com/finix/default/services-details.html]
[templates.envytheme.com/finix/default/funding.html]
[templates.envytheme.com/finix/default/loans.html]
[templates.envytheme.com/finix/default/news.html]
[templates.envytheme.com/finix/default/news-details.html]
[templates.envytheme.com/finix/default/assets/img/partner/image1.png]
[templates.envytheme.com/finix/default/assets/img/partner/image2.png]
[templates.envytheme.com/finix/default/assets/img/partner/image3.png]
[templates.envytheme.com/finix/default/assets/img/partner/image4.png]
[templates.envytheme.com/finix/default/assets/img/partner/image5.png]
[templates.envytheme.com/finix/default/assets/img/about/image3.png]
[templates.envytheme.com/finix/default/assets/img/choose.png]
[templates.envytheme.com/finix/default/assets/img/company2.png]
[templates.envytheme.com/finix/default/assets/img/services-tab.png]
[templates.envytheme.com/finix/default/assets/img/clients/man.png]
[templates.envytheme.com/finix/default/assets/img/team/image1.jpg]
[templates.envytheme.com/finix/default/assets/img/team/image2.jpg]
[templates.envytheme.com/finix/default/assets/img/team/image3.jpg]
[templates.envytheme.com/finix/default/assets/img/team/image4.jpg]
[templates.envytheme.com/finix/default/assets/img/blog/image1.jpg]
[templates.envytheme.com/finix/default/assets/img/blog/image2.jpg]
[templates.envytheme.com/finix/default/assets/img/blog/image3.jpg]
[templates.envytheme.com/cdn-cgi/scripts/5c5dd728/cloudflare-static/email-decode.min.js]
[templates.envytheme.com/finix/default/assets/js/jquery.min.js]
[templates.envytheme.com/finix/default/assets/js/popper.min.js]
[templates.envytheme.com/finix/default/assets/js/bootstrap.min.js]
[templates.envytheme.com/finix/default/assets/js/jquery.meanmenu.js]
[templates.envytheme.com/finix/default/assets/js/owl.carousel.min.js]
[templates.envytheme.com/finix/default/assets/js/jquery.nice-select.min.js]
[templates.envytheme.com/finix/default/assets/js/jquery.magnific-popup.min.js]
[templates.envytheme.com/finix/default/assets/js/odometer.min.js]
[templates.envytheme.com/finix/default/assets/js/jquery.appear.min.js]
[templates.envytheme.com/finix/default/assets/js/jquery.ajaxchimp.min.js]
[templates.envytheme.com/finix/default/assets/js/form-validator.min.js]
[templates.envytheme.com/finix/default/assets/js/contact-form-script.js]
[templates.envytheme.com/finix/default/assets/js/wow.min.js]
[templates.envytheme.com/finix/default/index-2.html]
[templates.envytheme.com/finix/default/assets/css/bootstrap.min.css]
[templates.envytheme.com/finix/default/assets/css/animate.min.css]
[templates.envytheme.com/finix/default/assets/css/meanmenu.css]
[templates.envytheme.com/finix/default/assets/js/main.js]
[templates.envytheme.com/finix/default/assets/fonts/boxicons.eot]
[templates.envytheme.com/finix/default/assets/fonts/boxicons.woff2]
[templates.envytheme.com/finix/default/assets/fonts/boxicons.woff]
[templates.envytheme.com/finix/default/assets/fonts/boxicons.ttf]
[templates.envytheme.com/finix/default/assets/css/boxicons.min.css]
[templates.envytheme.com/finix/default/assets/fonts/boxiconsd41d.svg]
[templates.envytheme.com/finix/default/assets/fonts/Flaticon.eot]
[templates.envytheme.com/finix/default/assets/fonts/Flaticond41d.eot]
[templates.envytheme.com/finix/default/assets/fonts/Flaticon.woff2]
[templates.envytheme.com/finix/default/assets/fonts/Flaticon.woff]
[templates.envytheme.com/finix/default/assets/fonts/Flaticon.ttf]
[templates.envytheme.com/finix/default/assets/css/flaticon.css]
[templates.envytheme.com/finix/default/assets/fonts/Flaticon.svg]
[templates.envytheme.com/finix/default/assets/css/owl.video.play.png]
[templates.envytheme.com/finix/default/assets/css/owl.carousel.min.css]
[templates.envytheme.com/finix/default/assets/css/owl.theme.default.min.css]
[templates.envytheme.com/finix/default/assets/css/magnific-popup.min.css]
[templates.envytheme.com/finix/default/assets/css/nice-select.min.css]
[templates.envytheme.com/finix/default/assets/css/odometer.min.css]
[templates.envytheme.com/finix/default/assets/img/main-banner.jpg]
[templates.envytheme.com/finix/default/assets/img/main-banner2.jpg]
[templates.envytheme.com/finix/default/assets/img/main-banner3.jpg]
[templates.envytheme.com/finix/default/assets/img/about/shape.png]
[templates.envytheme.com/finix/default/assets/img/process-shape.png]
[templates.envytheme.com/finix/default/assets/img/company.jpg]
[templates.envytheme.com/finix/default/assets/img/page-title/bg.jpg]
[templates.envytheme.com/finix/default/assets/img/page-title/bg-2.jpg]
[templates.envytheme.com/finix/default/assets/img/page-title/bg-3.jpg]
[templates.envytheme.com/finix/default/assets/img/page-title/bg-4.jpg]
[templates.envytheme.com/finix/default/assets/img/page-title/bg-5.jpg]
[templates.envytheme.com/finix/default/assets/img/page-title/bg-6.jpg]
[templates.envytheme.com/finix/default/assets/img/page-title/bg-7.jpg]
[templates.envytheme.com/finix/default/assets/img/page-title/bg-8.jpg]
[templates.envytheme.com/finix/default/assets/img/page-title/bg-9.jpg]
[templates.envytheme.com/finix/default/assets/css/style.css]
[i.ibb.co/FxzBYR9/night.png]
[i.ibb.co/7JfqXxB/sunny.png]
[templates.envytheme.com/finix/default/assets/css/dark.css]
[templates.envytheme.com/finix/default/assets/css/responsive.css]
[templates.envytheme.com/finix/default/assets/img/about/image1.jpg]
[templates.envytheme.com/finix/default/assets/img/about/image2.jpg]
[templates.envytheme.com/finix/default/assets/img/projects/image1.jpg]
[templates.envytheme.com/finix/default/assets/img/projects/image2.jpg]
[templates.envytheme.com/finix/default/assets/img/projects/image3.jpg]
[templates.envytheme.com/finix/default/assets/img/projects/image4.jpg]
[templates.envytheme.com/finix/default/assets/img/clients/image1.png]
[templates.envytheme.com/finix/default/assets/img/clients/image2.png]
[templates.envytheme.com/finix/default/assets/img/partner/1.png]
[templates.envytheme.com/finix/default/assets/img/partner/2.png]
[templates.envytheme.com/finix/default/assets/img/partner/3.png]
[templates.envytheme.com/finix/default/assets/img/partner/4.png]
[templates.envytheme.com/finix/default/assets/img/partner/5.png]
[index.html]
[templates.envytheme.com/finix/default/assets/img/vector.png]
[templates.envytheme.com/finix/default/assets/img/about/image4.png]
[templates.envytheme.com/finix/default/assets/img/services-tab2.png]
[templates.envytheme.com/finix/default/assets/img/value.png]
[templates.envytheme.com/finix/default/assets/img/clients/man2.png]
[templates.envytheme.com/finix/default/index-3.html]
[templates.envytheme.com/finix/default/about.html]
[templates.envytheme.com/finix/default/assets/img/team/image5.jpg]
[templates.envytheme.com/finix/default/assets/img/team/image6.jpg]
[templates.envytheme.com/finix/default/assets/img/team/image7.jpg]
[templates.envytheme.com/finix/default/assets/img/team/image8.jpg]
[templates.envytheme.com/finix/default/team.html]
[templates.envytheme.com/finix/default/faq.html]
[templates.envytheme.com/finix/default/assets/img/gallery/image1.jpg]
[templates.envytheme.com/finix/default/assets/img/gallery/image2.jpg]
[templates.envytheme.com/finix/default/assets/img/gallery/image3.jpg]
[templates.envytheme.com/finix/default/assets/img/gallery/image4.jpg]
[templates.envytheme.com/finix/default/assets/img/gallery/image5.jpg]
[templates.envytheme.com/finix/default/assets/img/gallery/image6.jpg]
[templates.envytheme.com/finix/default/assets/img/gallery/image7.jpg]
[templates.envytheme.com/finix/default/assets/img/gallery/image8.jpg]
[templates.envytheme.com/finix/default/assets/img/gallery/image9.jpg]
[templates.envytheme.com/finix/default/gallery.html]
[templates.envytheme.com/finix/default/loan-calculator.html]
[templates.envytheme.com/finix/default/apply-now.html]
[templates.envytheme.com/finix/default/testimonials.html]
[templates.envytheme.com/finix/default/projects.html]
[templates.envytheme.com/finix/default/assets/img/single-projects.jpg]
[templates.envytheme.com/finix/default/project-details.html]
[templates.envytheme.com/finix/default/sign-in.html]
[templates.envytheme.com/finix/default/sign-up.html]
[templates.envytheme.com/finix/default/assets/img/terms-service.jpg]
[templates.envytheme.com/finix/default/terms-condition.html]
[templates.envytheme.com/finix/default/assets/img/privacy-policy.jpg]
[templates.envytheme.com/finix/default/privacy-policy.html]
[templates.envytheme.com/finix/default/assets/img/404.png]
[templates.envytheme.com/finix/default/error-404.html]
[templates.envytheme.com/finix/default/contact.html]
[templates.envytheme.com/finix/default/services.html]
[templates.envytheme.com/finix/default/assets/img/services-details.jpg]
[templates.envytheme.com/finix/default/services-details.html]
[templates.envytheme.com/finix/default/assets/img/funding.png]
[templates.envytheme.com/finix/default/assets/img/works-shape.png]
[templates.envytheme.com/finix/default/assets/img/works-shape2.png]
[templates.envytheme.com/finix/default/funding.html]
[templates.envytheme.com/finix/default/assets/img/loan.png]
[templates.envytheme.com/finix/default/assets/img/finix.png]
[templates.envytheme.com/finix/default/assets/img/loan2.png]
[templates.envytheme.com/finix/default/assets/img/check.png]
[templates.envytheme.com/finix/default/loans.html]
[templates.envytheme.com/finix/default/assets/img/blog/image4.jpg]
[templates.envytheme.com/finix/default/assets/img/blog/image5.jpg]
[templates.envytheme.com/finix/default/assets/img/blog/image6.jpg]
[templates.envytheme.com/finix/default/assets/img/blog/image7.jpg]
[templates.envytheme.com/finix/default/news.html]
[templates.envytheme.com/finix/default/news-details.html]
[templates.envytheme.com/finix/default/assets/fonts/boxiconsd41d.svg]
[templates.envytheme.com/finix/default/assets/fonts/Flaticon.svg]
[templates.envytheme.com/finix/default/assets/css/owl.video.play.html]
